[2025-11-19 11:23:35] Created archive directory
[2025-11-19 11:23:35] Found        1 CSV file(s) to process
[2025-11-19 11:23:35] Processing: grades.csv -> archive/grades-20251119-112335.csv
=== Content of grades.csv -> grades-20251119-112335.csv ===
Assignment,Category,Grade,Weight
Python,FX,80.0,3.0
=== End of content ===

[2025-11-19 11:23:35] Successfully archived: grades.csv to archive/grades-20251119-112335.csv
[2025-11-19 11:23:35] Archiving complete. Processed 1 file(s)
[2025-11-19 16:58:10] Archive directory already exists
[2025-11-19 16:58:10] Found        1 CSV file(s) to process
[2025-11-19 16:58:10] Processing: grades.csv -> archive/grades-20251119-165810.csv
=== Content of grades.csv -> grades-20251119-165810.csv ===
Assignment,Category,Grade,Weight
Python,FA,80.0,10.0
=== End of content ===

[2025-11-19 16:58:10] Successfully archived: grades.csv to archive/grades-20251119-165810.csv
[2025-11-19 16:58:10] Archiving complete. Processed 1 file(s)
[2025-11-19 17:04:37] Archive directory already exists
[2025-11-19 17:04:37] Found        1 CSV file(s) to process
[2025-11-19 17:04:37] Processing: grades.csv -> archive/grades-20251119-170437.csv
=== Content of grades.csv -> grades-20251119-170437.csv ===
Assignment,Category,Grade,Weight
Python,FA,90.0,30.0
Python,SA,85.0,60.0
=== End of content ===

[2025-11-19 17:04:37] Successfully archived: grades.csv to archive/grades-20251119-170437.csv
[2025-11-19 17:04:37] Archiving complete. Processed 1 file(s)
